
> t-design-system@0.1.1 build
> vite build

vite v8.0.3 building client environment for production...
[2Ktransforming...
warn - Tailwind is not purging unused styles because no template paths have been provided.
warn - If you have manually configured PurgeCSS outside of Tailwind or are deliberately not removing unused styles, set `purge: false` in your Tailwind config file to silence this warning.
warn - https://tailwindcss.com/docs/controlling-file-size/#removing-unused-css
Browserslist: caniuse-lite is outdated. Please run:
npx browserslist@latest --update-db

Why you should do it regularly:
https://github.com/browserslist/browserslist#browsers-data-updating
✓ 3 modules transformed.
✗ Build failed in 3.66s
error during build:
Build failed with 6 errors:

[31m[builtin:vite-transform] Error:[0m Unexpected token
    [38;5;246m╭[0m[38;5;246m─[0m[38;5;246m[[0m src/atoms/toggleButton.js:17:5 [38;5;246m][0m
    [38;5;246m│[0m
 [38;5;246m17 │[0m [38;5;249m [0m[38;5;249m [0m[38;5;249m [0m[38;5;249m [0m<[38;5;249m>[0m
 [38;5;240m   │[0m     ┬  
 [38;5;240m   │[0m     ╰── 
[38;5;246m────╯[0m

[31m[builtin:vite-transform] Error:[0m Unexpected token
    [38;5;246m╭[0m[38;5;246m─[0m[38;5;246m[[0m src/atoms/Button.js:44:5 [38;5;246m][0m
    [38;5;246m│[0m
 [38;5;246m44 │[0m [38;5;249m [0m[38;5;249m [0m[38;5;249m [0m[38;5;249m [0m<[38;5;249mF[0m[38;5;249mr[0m[38;5;249ma[0m[38;5;249mg[0m[38;5;249mm[0m[38;5;249me[0m[38;5;249mn[0m[38;5;249mt[0m[38;5;249m>[0m
 [38;5;240m   │[0m     ┬  
 [38;5;240m   │[0m     ╰── 
[38;5;246m────╯[0m

[31m[builtin:vite-transform] Error:[0m Unexpected token
    [38;5;246m╭[0m[38;5;246m─[0m[38;5;246m[[0m src/atoms/Input.js:43:5 [38;5;246m][0m
    [38;5;246m│[0m
 [38;5;246m43 │[0m [38;5;249m [0m[38;5;249m [0m[38;5;249m [0m[38;5;249m [0m<[38;5;249m>[0m
 [38;5;240m   │[0m     ┬  
 [38;5;240m   │[0m     ╰── 
[38;5;246m────╯[0m

[31m[builtin:vite-transform] Error:[0m Unexpected token
    [38;5;246m╭[0m[38;5;246m─[0m[38;5;246m[[0m src/atoms/radioButton.js:37:5 [38;5;246m][0m
    [38;5;246m│[0m
 [38;5;246m37 │[0m [38;5;249m [0m[38;5;249m [0m[38;5;249m [0m[38;5;249m [0m<[38;5;249m>[0m
 [38;5;240m   │[0m     ┬  
 [38;5;240m   │[0m     ╰── 
[38;5;246m────╯[0m

[31m[builtin:vite-transform] Error:[0m Unexpected token
    [38;5;246m╭[0m[38;5;246m─[0m[38;5;246m[[0m src/atoms/checkBox.js:34:5 [38;5;246m][0m
    [38;5;246m│[0m
 [38;5;246m34 │[0m [38;5;249m [0m[38;5;249m [0m[38;5;249m [0m[38;5;249m [0m<[38;5;249m>[0m
 [38;5;240m   │[0m     ┬  
 [38;5;240m   │[0m     ╰── 
[38;5;246m────╯[0m

...
    at aggregateBindingErrorsIntoJsError (file:///Users/nitigoel/Desktop/git/t-design-system/node_modules/rolldown/dist/shared/error-BLhcSyeg.mjs:48:18)
    at unwrapBindingResult (file:///Users/nitigoel/Desktop/git/t-design-system/node_modules/rolldown/dist/shared/error-BLhcSyeg.mjs:18:128)
    at #build (file:///Users/nitigoel/Desktop/git/t-design-system/node_modules/rolldown/dist/shared/rolldown-build-CPrIX9V6.mjs:3313:34)
    at async buildEnvironment (file:///Users/nitigoel/Desktop/git/t-design-system/node_modules/vite/dist/node/chunks/node.js:32849:64)
    at async Object.build (file:///Users/nitigoel/Desktop/git/t-design-system/node_modules/vite/dist/node/chunks/node.js:33271:19)
    at async Object.buildApp (file:///Users/nitigoel/Desktop/git/t-design-system/node_modules/vite/dist/node/chunks/node.js:33268:153)
    at async CAC.<anonymous> (file:///Users/nitigoel/Desktop/git/t-design-system/node_modules/vite/dist/node/cli.js:778:3) {
  errors: [Getter/Setter]
}
